[backblue.gif]
[fade.gif]
[index.html]
[vjs.zencdn.net/7.19.2/video-js.css]
[sfrbm.org/site/assets/images/SFRBM-logo.png]
[sfrbm.org/site/assets/images/facebook-icon-top.png]
[sfrbm.org/site/assets/images/twitter-icon-top.png]
[sfrbm.org/site/assets/images/blog-icon-top.png]
[sfrbm.org/site/assets/images/search-icon.png]
[sfrbm.org/site/assets/images/home-icon.png]
[sfrbm.org/site/assets/files/3152/sfrbm-sfrri_2023_banner.1368x0-is.png]
[sfrbm.org/site/assets/files/3152/punta_del_este.png]
[sfrbm.org/site/assets/files/3152/screenshot_2023-08-28_at_9_26_27_am.812x0-is.png]
[sfrbm.org/site/assets/files/3152/punta_del_este_conv_ctr.548x0-is.jpg]
[sfrbm.org/site/assets/files/3152/screenshot_2023-08-28_at_9_24_21_am.526x0-is.png]
[sfrbm.org/site/assets/images/facebook-icon.png]
[sfrbm.org/site/assets/images/twitter-icon-white.png]
[sfrbm.org/site/assets/images/linkedin-icon.png]
[sfrbm.org/site/assets/images/blog-icon.png]
[sfrbm.org/site/assets/images/youtube-icon.png]
[ajax.googleapis.com/ajax/libs/jquery/1.11.3/jquery.min.js]
[sfrbm.org/site/assets/js/bootstrap.min.js]
[sfrbm.org/site/assets/js/sfrbm.min9516.js]
[sfrbm.org/site/assets/js/dev5765.js]
[sfrbm.org/meetings/sfrbm-sfrri-2023/index.html]
[vjs.zencdn.net/7.19.2/video.min.js]
[sfrbm.org/site/assets/css/bootstrap.min.css]
[sfrbm.org/site/assets/images/bullet.png]
[sfrbm.org/site/assets/images/parallax-bg.png]
[sfrbm.org/site/assets/images/SFRBM-symbol.png]
[sfrbm.org/site/assets/css/sfrbm.minf6df.css]
[vjs.zencdn.net/7.19.2/video-js.css]
[sfrbm.org/site/assets/files/3220/screenshot_2023-03-08_at_8_33_02_am.png]
[sfrbm.org/site/assets/files/3220/screenshot_2023-03-08_at_8_35_04_am.363x0-is.png]
[sfrbm.org/meetings/sfrbm-sfrri-2023/conference-preview/index.html]
[sfrbm.org/meetings/sfrbm-sfrri-2023/conference-program/index.html]
[sfrbm.org/site/assets/files/3031/screen_shot_2022-06-09_at_4_24_37_pm.277x0-is-hidpi.png]
[sfrbm.org/meetings/sfrbm-sfrri-2023/registration-information/index.html]
[sfrbm.org/site/assets/files/3154/sfrbm-sfrri-2023_logo.png]
[sfrbm.org/meetings/sfrbm-sfrri-2023/featured-symposia/index.html]
[sfrbm.org/meetings/sfrbm-sfrri-2023/oral-presentations-3/index.html]
[sfrbm.org/site/assets/files/3048/sfrbm_poster_board.png]
[sfrbm.org/site/assets/files/3048/sfrbm_poster_board.200x0-is.png]
[sfrbm.org/meetings/sfrbm-sfrri-2023/poster-presentations-3/index.html]
[sfrbm.org/meetings/sfrbm-sfrri-2023/poster-presentations-4/index.html]
[sfrbm.org/meetings/sfrbm-sfrri-2023/lunch-menu/index.html]
[sfrbm.org/meetings/sfrbm-sfrri-2023/2022-trainee-awards-1/index.html]
[sfrbm.org/site/assets/files/3254/punta_del_este_map.700x0-is.png]
[sfrbm.org/meetings/sfrbm-sfrri-2023/hotel-and-travel-2023/index.html]
[sfrbm.org/meetings/sfrbm-sfrri-2023/openingdoorsevent/index.html]
[sfrbm.org/site/assets/files/3065/sfrr-international.png]
[sfrbm.org/site/assets/files/3305/sfrr-europe.284x0-is.jpg]
[sfrbm.org/site/assets/files/3305/screenshot_2023-10-17_at_12_08_12_pm.250x0-is.png]
[sfrbm.org/site/assets/files/3065/elsevier_web.jpg]
[sfrbm.org/site/assets/files/3065/vmi_logo.289x0-is.jpg]
[sfrbm.org/site/assets/files/3305/fiu.386x0-is.jpg]
[sfrbm.org/site/assets/files/2477/univ_iowa_-_frrbp.271x0-is-pid3065.png]
[sfrbm.org/site/assets/files/3305/screenshot_2023-10-17_at_12_10_45_pm.png]
[sfrbm.org/site/assets/files/3065/mcc-nci_lockup_rgb_full-color.269x0-is.jpg]
[sfrbm.org/site/assets/files/2477/xoder.263x0-is-pid3305.png]
[sfrbm.org/meetings/sfrbm-sfrri-2023/sponsors-1-4/index.html]
[sfrbm.org/meetings/sfrbm-sfrri-2023/registration-3/index.html]
[sfrbm.org/meetings/sfrbm-sfrri-2023/exhibitor-prospectus/index.html]
[sfrbm.org/site/assets/files/3267/sfrbm-sfrri_2023_banner.1368x0-is.png]
[sfrbm.org/meetings/sfrbm-sfrri-2023/invited-speaker-reimbursement/index.html]
[sfrbm.org/site/assets/files/3267/screen_shot_2022-12-19_at_10_59_36_pm.png]
[sfrbm.org/meetings/sfrbm-sfrri-2023/conference-format/index.html]
[sfrbm.org/meetings/sfrbm-sfrri-2023/featured-symposia-2/index.html]
[sfrbm.org/meetings/sfrbm-sfrri-2023/register/start.html]
[sfrbm.org/meetings/sfrbm-sfrri-2023/register/index.html]
